------------------------------------------------------------
TimeQuest Timing Analyzer Summary
------------------------------------------------------------

Type  : Slow 1100mV 85C Model Setup 'inst127|pll_mtl_inst|altera_pll_i|general[0].gpll~PLL_OUTPUT_COUNTER|divclk'
Slack : -281.570
TNS   : -3355.275

Type  : Slow 1100mV 85C Model Setup 'inst37|pll_sdram_inst|altera_pll_i|general[2].gpll~PLL_OUTPUT_COUNTER|divclk'
Slack : -21.405
TNS   : -936.236

Type  : Slow 1100mV 85C Model Setup 'inst34|pll_vga_inst|altera_pll_i|general[3].gpll~PLL_OUTPUT_COUNTER|divclk'
Slack : -15.294
TNS   : -3693.956

Type  : Slow 1100mV 85C Model Setup 'clock_27_1'
Slack : -4.757
TNS   : -158.485

Type  : Slow 1100mV 85C Model Setup 'inst37|pll_sdram_inst|altera_pll_i|general[0].gpll~PLL_OUTPUT_COUNTER|divclk'
Slack : 0.661
TNS   : 0.000

Type  : Slow 1100mV 85C Model Setup 'ghrd_top:inst124|soc_system:u0|soc_system_hps_0:hps_0|soc_system_hps_0_hps_io:hps_io|soc_system_hps_0_hps_io_border:border|hps_sdram:hps_sdram_inst|hps_sdram_pll:pll|afi_clk_write_clk'
Slack : 1.760
TNS   : 0.000

Type  : Slow 1100mV 85C Model Setup 'altera_reserved_tck'
Slack : 2.920
TNS   : 0.000

Type  : Slow 1100mV 85C Model Setup 'inst34|pll_vga_inst|altera_pll_i|general[1].gpll~PLL_OUTPUT_COUNTER|divclk'
Slack : 13.019
TNS   : 0.000

Type  : Slow 1100mV 85C Model Setup 'clock_50_1'
Slack : 15.901
TNS   : 0.000

Type  : Slow 1100mV 85C Model Hold 'inst127|pll_mtl_inst|altera_pll_i|general[0].gpll~PLL_OUTPUT_COUNTER|divclk'
Slack : -4.424
TNS   : -123.164

Type  : Slow 1100mV 85C Model Hold 'inst34|pll_vga_inst|altera_pll_i|general[3].gpll~PLL_OUTPUT_COUNTER|divclk'
Slack : -1.869
TNS   : -18.317

Type  : Slow 1100mV 85C Model Hold 'clock_27_1'
Slack : -0.456
TNS   : -8.620

Type  : Slow 1100mV 85C Model Hold 'ghrd_top:inst124|soc_system:u0|soc_system_hps_0:hps_0|soc_system_hps_0_hps_io:hps_io|soc_system_hps_0_hps_io_border:border|hps_sdram:hps_sdram_inst|hps_sdram_pll:pll|afi_clk_write_clk'
Slack : 0.143
TNS   : 0.000

Type  : Slow 1100mV 85C Model Hold 'inst37|pll_sdram_inst|altera_pll_i|general[0].gpll~PLL_OUTPUT_COUNTER|divclk'
Slack : 0.272
TNS   : 0.000

Type  : Slow 1100mV 85C Model Hold 'altera_reserved_tck'
Slack : 0.313
TNS   : 0.000

Type  : Slow 1100mV 85C Model Hold 'clock_50_1'
Slack : 0.324
TNS   : 0.000

Type  : Slow 1100mV 85C Model Hold 'inst37|pll_sdram_inst|altera_pll_i|general[2].gpll~PLL_OUTPUT_COUNTER|divclk'
Slack : 0.364
TNS   : 0.000

Type  : Slow 1100mV 85C Model Hold 'inst34|pll_vga_inst|altera_pll_i|general[1].gpll~PLL_OUTPUT_COUNTER|divclk'
Slack : 0.372
TNS   : 0.000

Type  : Slow 1100mV 85C Model Recovery 'inst37|pll_sdram_inst|altera_pll_i|general[2].gpll~PLL_OUTPUT_COUNTER|divclk'
Slack : -7.702
TNS   : -130.894

Type  : Slow 1100mV 85C Model Recovery 'inst34|pll_vga_inst|altera_pll_i|general[3].gpll~PLL_OUTPUT_COUNTER|divclk'
Slack : -7.639
TNS   : -4749.886

Type  : Slow 1100mV 85C Model Recovery 'inst37|pll_sdram_inst|altera_pll_i|general[0].gpll~PLL_OUTPUT_COUNTER|divclk'
Slack : -4.607
TNS   : -1038.863

Type  : Slow 1100mV 85C Model Recovery 'clock_27_1'
Slack : -0.820
TNS   : -127.472

Type  : Slow 1100mV 85C Model Recovery 'inst127|pll_mtl_inst|altera_pll_i|general[0].gpll~PLL_OUTPUT_COUNTER|divclk'
Slack : -0.061
TNS   : -0.592

Type  : Slow 1100mV 85C Model Recovery 'ghrd_top:inst124|soc_system:u0|soc_system_hps_0:hps_0|soc_system_hps_0_hps_io:hps_io|soc_system_hps_0_hps_io_border:border|hps_sdram:hps_sdram_inst|hps_sdram_pll:pll|afi_clk_write_clk'
Slack : 3.405
TNS   : 0.000

Type  : Slow 1100mV 85C Model Recovery 'altera_reserved_tck'
Slack : 10.218
TNS   : 0.000

Type  : Slow 1100mV 85C Model Recovery 'inst34|pll_vga_inst|altera_pll_i|general[1].gpll~PLL_OUTPUT_COUNTER|divclk'
Slack : 11.971
TNS   : 0.000

Type  : Slow 1100mV 85C Model Recovery 'clock_50_1'
Slack : 17.136
TNS   : 0.000

Type  : Slow 1100mV 85C Model Removal 'inst127|pll_mtl_inst|altera_pll_i|general[0].gpll~PLL_OUTPUT_COUNTER|divclk'
Slack : -4.435
TNS   : -218.637

Type  : Slow 1100mV 85C Model Removal 'clock_27_1'
Slack : -1.734
TNS   : -265.715

Type  : Slow 1100mV 85C Model Removal 'inst37|pll_sdram_inst|altera_pll_i|general[0].gpll~PLL_OUTPUT_COUNTER|divclk'
Slack : -0.034
TNS   : -0.034

Type  : Slow 1100mV 85C Model Removal 'ghrd_top:inst124|soc_system:u0|soc_system_hps_0:hps_0|soc_system_hps_0_hps_io:hps_io|soc_system_hps_0_hps_io_border:border|hps_sdram:hps_sdram_inst|hps_sdram_pll:pll|afi_clk_write_clk'
Slack : 0.470
TNS   : 0.000

Type  : Slow 1100mV 85C Model Removal 'inst34|pll_vga_inst|altera_pll_i|general[3].gpll~PLL_OUTPUT_COUNTER|divclk'
Slack : 0.552
TNS   : 0.000

Type  : Slow 1100mV 85C Model Removal 'altera_reserved_tck'
Slack : 0.824
TNS   : 0.000

Type  : Slow 1100mV 85C Model Removal 'clock_50_1'
Slack : 1.027
TNS   : 0.000

Type  : Slow 1100mV 85C Model Removal 'inst37|pll_sdram_inst|altera_pll_i|general[2].gpll~PLL_OUTPUT_COUNTER|divclk'
Slack : 1.112
TNS   : 0.000

Type  : Slow 1100mV 85C Model Removal 'inst34|pll_vga_inst|altera_pll_i|general[1].gpll~PLL_OUTPUT_COUNTER|divclk'
Slack : 3.345
TNS   : 0.000

Type  : Slow 1100mV 85C Model Minimum Pulse Width 'inst34|pll_vga_inst|altera_pll_i|general[0].gpll~FRACTIONAL_PLL|vcoph[0]'
Slack : 0.357
TNS   : 0.000

Type  : Slow 1100mV 85C Model Minimum Pulse Width 'ghrd_top:inst124|soc_system:u0|soc_system_hps_0:hps_0|soc_system_hps_0_hps_io:hps_io|soc_system_hps_0_hps_io_border:border|hps_sdram:hps_sdram_inst|hps_sdram_pll:pll|pll_write_clk_dq_write_clk'
Slack : 0.608
TNS   : 0.000

Type  : Slow 1100mV 85C Model Minimum Pulse Width 'ghrd_top:inst124|soc_system:u0|soc_system_hps_0:hps_0|soc_system_hps_0_hps_io:hps_io|soc_system_hps_0_hps_io_border:border|hps_sdram:hps_sdram_inst|hps_sdram_pll:pll|afi_clk_write_clk'
Slack : 0.623
TNS   : 0.000

Type  : Slow 1100mV 85C Model Minimum Pulse Width 'inst37|pll_sdram_inst|altera_pll_i|general[0].gpll~FRACTIONAL_PLL|vcoph[0]'
Slack : 0.699
TNS   : 0.000

Type  : Slow 1100mV 85C Model Minimum Pulse Width 'inst127|pll_mtl_inst|altera_pll_i|general[0].gpll~FRACTIONAL_PLL|vcoph[0]'
Slack : 0.757
TNS   : 0.000

Type  : Slow 1100mV 85C Model Minimum Pulse Width 'inst37|pll_sdram_inst|altera_pll_i|general[0].gpll~PLL_OUTPUT_COUNTER|divclk'
Slack : 2.271
TNS   : 0.000

Type  : Slow 1100mV 85C Model Minimum Pulse Width 'inst37|pll_sdram_inst|altera_pll_i|general[1].gpll~PLL_OUTPUT_COUNTER|divclk'
Slack : 3.327
TNS   : 0.000

Type  : Slow 1100mV 85C Model Minimum Pulse Width 'inst37|pll_sdram_inst|altera_pll_i|general[2].gpll~PLL_OUTPUT_COUNTER|divclk'
Slack : 3.651
TNS   : 0.000

Type  : Slow 1100mV 85C Model Minimum Pulse Width 'inst34|pll_vga_inst|altera_pll_i|general[3].gpll~PLL_OUTPUT_COUNTER|divclk'
Slack : 7.698
TNS   : 0.000

Type  : Slow 1100mV 85C Model Minimum Pulse Width 'clock_50_1'
Slack : 9.233
TNS   : 0.000

Type  : Slow 1100mV 85C Model Minimum Pulse Width 'inst34|pll_vga_inst|altera_pll_i|general[1].gpll~PLL_OUTPUT_COUNTER|divclk'
Slack : 9.296
TNS   : 0.000

Type  : Slow 1100mV 85C Model Minimum Pulse Width 'inst127|pll_mtl_inst|altera_pll_i|general[0].gpll~PLL_OUTPUT_COUNTER|divclk'
Slack : 13.931
TNS   : 0.000

Type  : Slow 1100mV 85C Model Minimum Pulse Width 'clock_27_1'
Slack : 17.373
TNS   : 0.000

Type  : Slow 1100mV 85C Model Minimum Pulse Width 'altera_reserved_tck'
Slack : 18.749
TNS   : 0.000

Type  : Slow 1100mV 0C Model Setup 'inst127|pll_mtl_inst|altera_pll_i|general[0].gpll~PLL_OUTPUT_COUNTER|divclk'
Slack : -293.273
TNS   : -3439.811

Type  : Slow 1100mV 0C Model Setup 'inst37|pll_sdram_inst|altera_pll_i|general[2].gpll~PLL_OUTPUT_COUNTER|divclk'
Slack : -22.674
TNS   : -980.094

Type  : Slow 1100mV 0C Model Setup 'inst34|pll_vga_inst|altera_pll_i|general[3].gpll~PLL_OUTPUT_COUNTER|divclk'
Slack : -15.118
TNS   : -3671.252

Type  : Slow 1100mV 0C Model Setup 'clock_27_1'
Slack : -4.576
TNS   : -150.300

Type  : Slow 1100mV 0C Model Setup 'inst37|pll_sdram_inst|altera_pll_i|general[0].gpll~PLL_OUTPUT_COUNTER|divclk'
Slack : 0.747
TNS   : 0.000

Type  : Slow 1100mV 0C Model Setup 'ghrd_top:inst124|soc_system:u0|soc_system_hps_0:hps_0|soc_system_hps_0_hps_io:hps_io|soc_system_hps_0_hps_io_border:border|hps_sdram:hps_sdram_inst|hps_sdram_pll:pll|afi_clk_write_clk'
Slack : 1.757
TNS   : 0.000

Type  : Slow 1100mV 0C Model Setup 'altera_reserved_tck'
Slack : 2.557
TNS   : 0.000

Type  : Slow 1100mV 0C Model Setup 'inst34|pll_vga_inst|altera_pll_i|general[1].gpll~PLL_OUTPUT_COUNTER|divclk'
Slack : 13.209
TNS   : 0.000

Type  : Slow 1100mV 0C Model Setup 'clock_50_1'
Slack : 15.921
TNS   : 0.000

Type  : Slow 1100mV 0C Model Hold 'inst127|pll_mtl_inst|altera_pll_i|general[0].gpll~PLL_OUTPUT_COUNTER|divclk'
Slack : -4.393
TNS   : -123.625

Type  : Slow 1100mV 0C Model Hold 'inst34|pll_vga_inst|altera_pll_i|general[3].gpll~PLL_OUTPUT_COUNTER|divclk'
Slack : -1.762
TNS   : -17.268

Type  : Slow 1100mV 0C Model Hold 'clock_27_1'
Slack : -0.525
TNS   : -12.265

Type  : Slow 1100mV 0C Model Hold 'ghrd_top:inst124|soc_system:u0|soc_system_hps_0:hps_0|soc_system_hps_0_hps_io:hps_io|soc_system_hps_0_hps_io_border:border|hps_sdram:hps_sdram_inst|hps_sdram_pll:pll|afi_clk_write_clk'
Slack : 0.162
TNS   : 0.000

Type  : Slow 1100mV 0C Model Hold 'inst37|pll_sdram_inst|altera_pll_i|general[0].gpll~PLL_OUTPUT_COUNTER|divclk'
Slack : 0.231
TNS   : 0.000

Type  : Slow 1100mV 0C Model Hold 'clock_50_1'
Slack : 0.303
TNS   : 0.000

Type  : Slow 1100mV 0C Model Hold 'altera_reserved_tck'
Slack : 0.352
TNS   : 0.000

Type  : Slow 1100mV 0C Model Hold 'inst37|pll_sdram_inst|altera_pll_i|general[2].gpll~PLL_OUTPUT_COUNTER|divclk'
Slack : 0.367
TNS   : 0.000

Type  : Slow 1100mV 0C Model Hold 'inst34|pll_vga_inst|altera_pll_i|general[1].gpll~PLL_OUTPUT_COUNTER|divclk'
Slack : 0.390
TNS   : 0.000

Type  : Slow 1100mV 0C Model Recovery 'inst34|pll_vga_inst|altera_pll_i|general[3].gpll~PLL_OUTPUT_COUNTER|divclk'
Slack : -7.648
TNS   : -4757.169

Type  : Slow 1100mV 0C Model Recovery 'inst37|pll_sdram_inst|altera_pll_i|general[2].gpll~PLL_OUTPUT_COUNTER|divclk'
Slack : -7.571
TNS   : -128.667

Type  : Slow 1100mV 0C Model Recovery 'inst37|pll_sdram_inst|altera_pll_i|general[0].gpll~PLL_OUTPUT_COUNTER|divclk'
Slack : -4.488
TNS   : -1002.727

Type  : Slow 1100mV 0C Model Recovery 'clock_27_1'
Slack : -0.683
TNS   : -89.445

Type  : Slow 1100mV 0C Model Recovery 'inst127|pll_mtl_inst|altera_pll_i|general[0].gpll~PLL_OUTPUT_COUNTER|divclk'
Slack : 0.120
TNS   : 0.000

Type  : Slow 1100mV 0C Model Recovery 'ghrd_top:inst124|soc_system:u0|soc_system_hps_0:hps_0|soc_system_hps_0_hps_io:hps_io|soc_system_hps_0_hps_io_border:border|hps_sdram:hps_sdram_inst|hps_sdram_pll:pll|afi_clk_write_clk'
Slack : 3.498
TNS   : 0.000

Type  : Slow 1100mV 0C Model Recovery 'altera_reserved_tck'
Slack : 10.545
TNS   : 0.000

Type  : Slow 1100mV 0C Model Recovery 'inst34|pll_vga_inst|altera_pll_i|general[1].gpll~PLL_OUTPUT_COUNTER|divclk'
Slack : 11.953
TNS   : 0.000

Type  : Slow 1100mV 0C Model Recovery 'clock_50_1'
Slack : 17.118
TNS   : 0.000

Type  : Slow 1100mV 0C Model Removal 'inst127|pll_mtl_inst|altera_pll_i|general[0].gpll~PLL_OUTPUT_COUNTER|divclk'
Slack : -4.483
TNS   : -221.461

Type  : Slow 1100mV 0C Model Removal 'clock_27_1'
Slack : -1.784
TNS   : -281.498

Type  : Slow 1100mV 0C Model Removal 'inst37|pll_sdram_inst|altera_pll_i|general[0].gpll~PLL_OUTPUT_COUNTER|divclk'
Slack : -0.052
TNS   : -0.052

Type  : Slow 1100mV 0C Model Removal 'ghrd_top:inst124|soc_system:u0|soc_system_hps_0:hps_0|soc_system_hps_0_hps_io:hps_io|soc_system_hps_0_hps_io_border:border|hps_sdram:hps_sdram_inst|hps_sdram_pll:pll|afi_clk_write_clk'
Slack : 0.460
TNS   : 0.000

Type  : Slow 1100mV 0C Model Removal 'inst34|pll_vga_inst|altera_pll_i|general[3].gpll~PLL_OUTPUT_COUNTER|divclk'
Slack : 0.511
TNS   : 0.000

Type  : Slow 1100mV 0C Model Removal 'altera_reserved_tck'
Slack : 0.777
TNS   : 0.000

Type  : Slow 1100mV 0C Model Removal 'clock_50_1'
Slack : 0.973
TNS   : 0.000

Type  : Slow 1100mV 0C Model Removal 'inst37|pll_sdram_inst|altera_pll_i|general[2].gpll~PLL_OUTPUT_COUNTER|divclk'
Slack : 1.083
TNS   : 0.000

Type  : Slow 1100mV 0C Model Removal 'inst34|pll_vga_inst|altera_pll_i|general[1].gpll~PLL_OUTPUT_COUNTER|divclk'
Slack : 3.146
TNS   : 0.000

Type  : Slow 1100mV 0C Model Minimum Pulse Width 'inst34|pll_vga_inst|altera_pll_i|general[0].gpll~FRACTIONAL_PLL|vcoph[0]'
Slack : 0.357
TNS   : 0.000

Type  : Slow 1100mV 0C Model Minimum Pulse Width 'ghrd_top:inst124|soc_system:u0|soc_system_hps_0:hps_0|soc_system_hps_0_hps_io:hps_io|soc_system_hps_0_hps_io_border:border|hps_sdram:hps_sdram_inst|hps_sdram_pll:pll|pll_write_clk_dq_write_clk'
Slack : 0.613
TNS   : 0.000

Type  : Slow 1100mV 0C Model Minimum Pulse Width 'ghrd_top:inst124|soc_system:u0|soc_system_hps_0:hps_0|soc_system_hps_0_hps_io:hps_io|soc_system_hps_0_hps_io_border:border|hps_sdram:hps_sdram_inst|hps_sdram_pll:pll|afi_clk_write_clk'
Slack : 0.630
TNS   : 0.000

Type  : Slow 1100mV 0C Model Minimum Pulse Width 'inst37|pll_sdram_inst|altera_pll_i|general[0].gpll~FRACTIONAL_PLL|vcoph[0]'
Slack : 0.699
TNS   : 0.000

Type  : Slow 1100mV 0C Model Minimum Pulse Width 'inst127|pll_mtl_inst|altera_pll_i|general[0].gpll~FRACTIONAL_PLL|vcoph[0]'
Slack : 0.757
TNS   : 0.000

Type  : Slow 1100mV 0C Model Minimum Pulse Width 'inst37|pll_sdram_inst|altera_pll_i|general[0].gpll~PLL_OUTPUT_COUNTER|divclk'
Slack : 2.256
TNS   : 0.000

Type  : Slow 1100mV 0C Model Minimum Pulse Width 'inst37|pll_sdram_inst|altera_pll_i|general[1].gpll~PLL_OUTPUT_COUNTER|divclk'
Slack : 3.305
TNS   : 0.000

Type  : Slow 1100mV 0C Model Minimum Pulse Width 'inst37|pll_sdram_inst|altera_pll_i|general[2].gpll~PLL_OUTPUT_COUNTER|divclk'
Slack : 3.635
TNS   : 0.000

Type  : Slow 1100mV 0C Model Minimum Pulse Width 'inst34|pll_vga_inst|altera_pll_i|general[3].gpll~PLL_OUTPUT_COUNTER|divclk'
Slack : 7.676
TNS   : 0.000

Type  : Slow 1100mV 0C Model Minimum Pulse Width 'inst34|pll_vga_inst|altera_pll_i|general[1].gpll~PLL_OUTPUT_COUNTER|divclk'
Slack : 9.248
TNS   : 0.000

Type  : Slow 1100mV 0C Model Minimum Pulse Width 'clock_50_1'
Slack : 9.284
TNS   : 0.000

Type  : Slow 1100mV 0C Model Minimum Pulse Width 'inst127|pll_mtl_inst|altera_pll_i|general[0].gpll~PLL_OUTPUT_COUNTER|divclk'
Slack : 13.913
TNS   : 0.000

Type  : Slow 1100mV 0C Model Minimum Pulse Width 'clock_27_1'
Slack : 17.405
TNS   : 0.000

Type  : Slow 1100mV 0C Model Minimum Pulse Width 'altera_reserved_tck'
Slack : 18.711
TNS   : 0.000

Type  : Fast 1100mV 85C Model Setup 'inst127|pll_mtl_inst|altera_pll_i|general[0].gpll~PLL_OUTPUT_COUNTER|divclk'
Slack : -165.680
TNS   : -2142.485

Type  : Fast 1100mV 85C Model Setup 'inst34|pll_vga_inst|altera_pll_i|general[3].gpll~PLL_OUTPUT_COUNTER|divclk'
Slack : -9.052
TNS   : -2196.970

Type  : Fast 1100mV 85C Model Setup 'inst37|pll_sdram_inst|altera_pll_i|general[2].gpll~PLL_OUTPUT_COUNTER|divclk'
Slack : -6.811
TNS   : -275.849

Type  : Fast 1100mV 85C Model Setup 'clock_27_1'
Slack : -2.457
TNS   : -80.762

Type  : Fast 1100mV 85C Model Setup 'ghrd_top:inst124|soc_system:u0|soc_system_hps_0:hps_0|soc_system_hps_0_hps_io:hps_io|soc_system_hps_0_hps_io_border:border|hps_sdram:hps_sdram_inst|hps_sdram_pll:pll|afi_clk_write_clk'
Slack : 2.140
TNS   : 0.000

Type  : Fast 1100mV 85C Model Setup 'inst37|pll_sdram_inst|altera_pll_i|general[0].gpll~PLL_OUTPUT_COUNTER|divclk'
Slack : 3.199
TNS   : 0.000

Type  : Fast 1100mV 85C Model Setup 'altera_reserved_tck'
Slack : 5.769
TNS   : 0.000

Type  : Fast 1100mV 85C Model Setup 'inst34|pll_vga_inst|altera_pll_i|general[1].gpll~PLL_OUTPUT_COUNTER|divclk'
Slack : 15.668
TNS   : 0.000

Type  : Fast 1100mV 85C Model Setup 'clock_50_1'
Slack : 17.232
TNS   : 0.000

Type  : Fast 1100mV 85C Model Hold 'inst127|pll_mtl_inst|altera_pll_i|general[0].gpll~PLL_OUTPUT_COUNTER|divclk'
Slack : -2.721
TNS   : -78.369

Type  : Fast 1100mV 85C Model Hold 'inst34|pll_vga_inst|altera_pll_i|general[3].gpll~PLL_OUTPUT_COUNTER|divclk'
Slack : -1.025
TNS   : -10.074

Type  : Fast 1100mV 85C Model Hold 'clock_27_1'
Slack : -0.448
TNS   : -13.301

Type  : Fast 1100mV 85C Model Hold 'ghrd_top:inst124|soc_system:u0|soc_system_hps_0:hps_0|soc_system_hps_0_hps_io:hps_io|soc_system_hps_0_hps_io_border:border|hps_sdram:hps_sdram_inst|hps_sdram_pll:pll|afi_clk_write_clk'
Slack : 0.084
TNS   : 0.000

Type  : Fast 1100mV 85C Model Hold 'altera_reserved_tck'
Slack : 0.173
TNS   : 0.000

Type  : Fast 1100mV 85C Model Hold 'inst37|pll_sdram_inst|altera_pll_i|general[2].gpll~PLL_OUTPUT_COUNTER|divclk'
Slack : 0.178
TNS   : 0.000

Type  : Fast 1100mV 85C Model Hold 'inst37|pll_sdram_inst|altera_pll_i|general[0].gpll~PLL_OUTPUT_COUNTER|divclk'
Slack : 0.179
TNS   : 0.000

Type  : Fast 1100mV 85C Model Hold 'inst34|pll_vga_inst|altera_pll_i|general[1].gpll~PLL_OUTPUT_COUNTER|divclk'
Slack : 0.181
TNS   : 0.000

Type  : Fast 1100mV 85C Model Hold 'clock_50_1'
Slack : 0.182
TNS   : 0.000

Type  : Fast 1100mV 85C Model Recovery 'inst37|pll_sdram_inst|altera_pll_i|general[2].gpll~PLL_OUTPUT_COUNTER|divclk'
Slack : -4.404
TNS   : -74.852

Type  : Fast 1100mV 85C Model Recovery 'inst34|pll_vga_inst|altera_pll_i|general[3].gpll~PLL_OUTPUT_COUNTER|divclk'
Slack : -4.324
TNS   : -2687.360

Type  : Fast 1100mV 85C Model Recovery 'inst37|pll_sdram_inst|altera_pll_i|general[0].gpll~PLL_OUTPUT_COUNTER|divclk'
Slack : -2.644
TNS   : -580.222

Type  : Fast 1100mV 85C Model Recovery 'clock_27_1'
Slack : -0.320
TNS   : -17.956

Type  : Fast 1100mV 85C Model Recovery 'inst127|pll_mtl_inst|altera_pll_i|general[0].gpll~PLL_OUTPUT_COUNTER|divclk'
Slack : 0.266
TNS   : 0.000

Type  : Fast 1100mV 85C Model Recovery 'ghrd_top:inst124|soc_system:u0|soc_system_hps_0:hps_0|soc_system_hps_0_hps_io:hps_io|soc_system_hps_0_hps_io_border:border|hps_sdram:hps_sdram_inst|hps_sdram_pll:pll|afi_clk_write_clk'
Slack : 3.757
TNS   : 0.000

Type  : Fast 1100mV 85C Model Recovery 'inst34|pll_vga_inst|altera_pll_i|general[1].gpll~PLL_OUTPUT_COUNTER|divclk'
Slack : 14.373
TNS   : 0.000

Type  : Fast 1100mV 85C Model Recovery 'altera_reserved_tck'
Slack : 14.693
TNS   : 0.000

Type  : Fast 1100mV 85C Model Recovery 'clock_50_1'
Slack : 18.408
TNS   : 0.000

Type  : Fast 1100mV 85C Model Removal 'inst127|pll_mtl_inst|altera_pll_i|general[0].gpll~PLL_OUTPUT_COUNTER|divclk'
Slack : -2.666
TNS   : -133.333

Type  : Fast 1100mV 85C Model Removal 'clock_27_1'
Slack : -1.216
TNS   : -187.951

Type  : Fast 1100mV 85C Model Removal 'inst37|pll_sdram_inst|altera_pll_i|general[0].gpll~PLL_OUTPUT_COUNTER|divclk'
Slack : 0.039
TNS   : 0.000

Type  : Fast 1100mV 85C Model Removal 'inst34|pll_vga_inst|altera_pll_i|general[3].gpll~PLL_OUTPUT_COUNTER|divclk'
Slack : 0.287
TNS   : 0.000

Type  : Fast 1100mV 85C Model Removal 'altera_reserved_tck'
Slack : 0.472
TNS   : 0.000

Type  : Fast 1100mV 85C Model Removal 'ghrd_top:inst124|soc_system:u0|soc_system_hps_0:hps_0|soc_system_hps_0_hps_io:hps_io|soc_system_hps_0_hps_io_border:border|hps_sdram:hps_sdram_inst|hps_sdram_pll:pll|afi_clk_write_clk'
Slack : 0.497
TNS   : 0.000

Type  : Fast 1100mV 85C Model Removal 'clock_50_1'
Slack : 0.588
TNS   : 0.000

Type  : Fast 1100mV 85C Model Removal 'inst37|pll_sdram_inst|altera_pll_i|general[2].gpll~PLL_OUTPUT_COUNTER|divclk'
Slack : 0.651
TNS   : 0.000

Type  : Fast 1100mV 85C Model Removal 'inst34|pll_vga_inst|altera_pll_i|general[1].gpll~PLL_OUTPUT_COUNTER|divclk'
Slack : 2.088
TNS   : 0.000

Type  : Fast 1100mV 85C Model Minimum Pulse Width 'inst34|pll_vga_inst|altera_pll_i|general[0].gpll~FRACTIONAL_PLL|vcoph[0]'
Slack : 0.357
TNS   : 0.000

Type  : Fast 1100mV 85C Model Minimum Pulse Width 'inst37|pll_sdram_inst|altera_pll_i|general[0].gpll~FRACTIONAL_PLL|vcoph[0]'
Slack : 0.699
TNS   : 0.000

Type  : Fast 1100mV 85C Model Minimum Pulse Width 'inst127|pll_mtl_inst|altera_pll_i|general[0].gpll~FRACTIONAL_PLL|vcoph[0]'
Slack : 0.757
TNS   : 0.000

Type  : Fast 1100mV 85C Model Minimum Pulse Width 'ghrd_top:inst124|soc_system:u0|soc_system_hps_0:hps_0|soc_system_hps_0_hps_io:hps_io|soc_system_hps_0_hps_io_border:border|hps_sdram:hps_sdram_inst|hps_sdram_pll:pll|pll_write_clk_dq_write_clk'
Slack : 0.883
TNS   : 0.000

Type  : Fast 1100mV 85C Model Minimum Pulse Width 'ghrd_top:inst124|soc_system:u0|soc_system_hps_0:hps_0|soc_system_hps_0_hps_io:hps_io|soc_system_hps_0_hps_io_border:border|hps_sdram:hps_sdram_inst|hps_sdram_pll:pll|afi_clk_write_clk'
Slack : 0.891
TNS   : 0.000

Type  : Fast 1100mV 85C Model Minimum Pulse Width 'inst37|pll_sdram_inst|altera_pll_i|general[0].gpll~PLL_OUTPUT_COUNTER|divclk'
Slack : 2.386
TNS   : 0.000

Type  : Fast 1100mV 85C Model Minimum Pulse Width 'inst37|pll_sdram_inst|altera_pll_i|general[1].gpll~PLL_OUTPUT_COUNTER|divclk'
Slack : 3.405
TNS   : 0.000

Type  : Fast 1100mV 85C Model Minimum Pulse Width 'inst37|pll_sdram_inst|altera_pll_i|general[2].gpll~PLL_OUTPUT_COUNTER|divclk'
Slack : 3.776
TNS   : 0.000

Type  : Fast 1100mV 85C Model Minimum Pulse Width 'inst34|pll_vga_inst|altera_pll_i|general[3].gpll~PLL_OUTPUT_COUNTER|divclk'
Slack : 7.811
TNS   : 0.000

Type  : Fast 1100mV 85C Model Minimum Pulse Width 'clock_50_1'
Slack : 9.106
TNS   : 0.000

Type  : Fast 1100mV 85C Model Minimum Pulse Width 'inst34|pll_vga_inst|altera_pll_i|general[1].gpll~PLL_OUTPUT_COUNTER|divclk'
Slack : 9.548
TNS   : 0.000

Type  : Fast 1100mV 85C Model Minimum Pulse Width 'inst127|pll_mtl_inst|altera_pll_i|general[0].gpll~PLL_OUTPUT_COUNTER|divclk'
Slack : 14.042
TNS   : 0.000

Type  : Fast 1100mV 85C Model Minimum Pulse Width 'clock_27_1'
Slack : 16.979
TNS   : 0.000

Type  : Fast 1100mV 85C Model Minimum Pulse Width 'altera_reserved_tck'
Slack : 18.256
TNS   : 0.000

Type  : Fast 1100mV 0C Model Setup 'inst127|pll_mtl_inst|altera_pll_i|general[0].gpll~PLL_OUTPUT_COUNTER|divclk'
Slack : -155.163
TNS   : -2013.039

Type  : Fast 1100mV 0C Model Setup 'inst34|pll_vga_inst|altera_pll_i|general[3].gpll~PLL_OUTPUT_COUNTER|divclk'
Slack : -8.399
TNS   : -2065.478

Type  : Fast 1100mV 0C Model Setup 'inst37|pll_sdram_inst|altera_pll_i|general[2].gpll~PLL_OUTPUT_COUNTER|divclk'
Slack : -6.186
TNS   : -246.708

Type  : Fast 1100mV 0C Model Setup 'clock_27_1'
Slack : -2.222
TNS   : -71.821

Type  : Fast 1100mV 0C Model Setup 'ghrd_top:inst124|soc_system:u0|soc_system_hps_0:hps_0|soc_system_hps_0_hps_io:hps_io|soc_system_hps_0_hps_io_border:border|hps_sdram:hps_sdram_inst|hps_sdram_pll:pll|afi_clk_write_clk'
Slack : 2.140
TNS   : 0.000

Type  : Fast 1100mV 0C Model Setup 'inst37|pll_sdram_inst|altera_pll_i|general[0].gpll~PLL_OUTPUT_COUNTER|divclk'
Slack : 3.430
TNS   : 0.000

Type  : Fast 1100mV 0C Model Setup 'altera_reserved_tck'
Slack : 6.494
TNS   : 0.000

Type  : Fast 1100mV 0C Model Setup 'inst34|pll_vga_inst|altera_pll_i|general[1].gpll~PLL_OUTPUT_COUNTER|divclk'
Slack : 16.073
TNS   : 0.000

Type  : Fast 1100mV 0C Model Setup 'clock_50_1'
Slack : 17.439
TNS   : 0.000

Type  : Fast 1100mV 0C Model Hold 'inst127|pll_mtl_inst|altera_pll_i|general[0].gpll~PLL_OUTPUT_COUNTER|divclk'
Slack : -2.721
TNS   : -79.300

Type  : Fast 1100mV 0C Model Hold 'inst34|pll_vga_inst|altera_pll_i|general[3].gpll~PLL_OUTPUT_COUNTER|divclk'
Slack : -1.012
TNS   : -9.953

Type  : Fast 1100mV 0C Model Hold 'clock_27_1'
Slack : -0.540
TNS   : -16.967

Type  : Fast 1100mV 0C Model Hold 'ghrd_top:inst124|soc_system:u0|soc_system_hps_0:hps_0|soc_system_hps_0_hps_io:hps_io|soc_system_hps_0_hps_io_border:border|hps_sdram:hps_sdram_inst|hps_sdram_pll:pll|afi_clk_write_clk'
Slack : 0.077
TNS   : 0.000

Type  : Fast 1100mV 0C Model Hold 'inst37|pll_sdram_inst|altera_pll_i|general[0].gpll~PLL_OUTPUT_COUNTER|divclk'
Slack : 0.146
TNS   : 0.000

Type  : Fast 1100mV 0C Model Hold 'altera_reserved_tck'
Slack : 0.167
TNS   : 0.000

Type  : Fast 1100mV 0C Model Hold 'clock_50_1'
Slack : 0.169
TNS   : 0.000

Type  : Fast 1100mV 0C Model Hold 'inst37|pll_sdram_inst|altera_pll_i|general[2].gpll~PLL_OUTPUT_COUNTER|divclk'
Slack : 0.169
TNS   : 0.000

Type  : Fast 1100mV 0C Model Hold 'inst34|pll_vga_inst|altera_pll_i|general[1].gpll~PLL_OUTPUT_COUNTER|divclk'
Slack : 0.171
TNS   : 0.000

Type  : Fast 1100mV 0C Model Recovery 'inst34|pll_vga_inst|altera_pll_i|general[3].gpll~PLL_OUTPUT_COUNTER|divclk'
Slack : -4.268
TNS   : -2652.800

Type  : Fast 1100mV 0C Model Recovery 'inst37|pll_sdram_inst|altera_pll_i|general[2].gpll~PLL_OUTPUT_COUNTER|divclk'
Slack : -4.257
TNS   : -72.353

Type  : Fast 1100mV 0C Model Recovery 'inst37|pll_sdram_inst|altera_pll_i|general[0].gpll~PLL_OUTPUT_COUNTER|divclk'
Slack : -2.493
TNS   : -546.753

Type  : Fast 1100mV 0C Model Recovery 'clock_27_1'
Slack : -0.214
TNS   : -9.527

Type  : Fast 1100mV 0C Model Recovery 'inst127|pll_mtl_inst|altera_pll_i|general[0].gpll~PLL_OUTPUT_COUNTER|divclk'
Slack : 0.424
TNS   : 0.000

Type  : Fast 1100mV 0C Model Recovery 'ghrd_top:inst124|soc_system:u0|soc_system_hps_0:hps_0|soc_system_hps_0_hps_io:hps_io|soc_system_hps_0_hps_io_border:border|hps_sdram:hps_sdram_inst|hps_sdram_pll:pll|afi_clk_write_clk'
Slack : 3.855
TNS   : 0.000

Type  : Fast 1100mV 0C Model Recovery 'inst34|pll_vga_inst|altera_pll_i|general[1].gpll~PLL_OUTPUT_COUNTER|divclk'
Slack : 14.790
TNS   : 0.000

Type  : Fast 1100mV 0C Model Recovery 'altera_reserved_tck'
Slack : 15.198
TNS   : 0.000

Type  : Fast 1100mV 0C Model Recovery 'clock_50_1'
Slack : 18.512
TNS   : 0.000

Type  : Fast 1100mV 0C Model Removal 'inst127|pll_mtl_inst|altera_pll_i|general[0].gpll~PLL_OUTPUT_COUNTER|divclk'
Slack : -2.690
TNS   : -134.446

Type  : Fast 1100mV 0C Model Removal 'clock_27_1'
Slack : -1.263
TNS   : -199.960

Type  : Fast 1100mV 0C Model Removal 'inst37|pll_sdram_inst|altera_pll_i|general[0].gpll~PLL_OUTPUT_COUNTER|divclk'
Slack : -0.010
TNS   : -0.010

Type  : Fast 1100mV 0C Model Removal 'inst34|pll_vga_inst|altera_pll_i|general[3].gpll~PLL_OUTPUT_COUNTER|divclk'
Slack : 0.261
TNS   : 0.000

Type  : Fast 1100mV 0C Model Removal 'altera_reserved_tck'
Slack : 0.426
TNS   : 0.000

Type  : Fast 1100mV 0C Model Removal 'ghrd_top:inst124|soc_system:u0|soc_system_hps_0:hps_0|soc_system_hps_0_hps_io:hps_io|soc_system_hps_0_hps_io_border:border|hps_sdram:hps_sdram_inst|hps_sdram_pll:pll|afi_clk_write_clk'
Slack : 0.473
TNS   : 0.000

Type  : Fast 1100mV 0C Model Removal 'clock_50_1'
Slack : 0.526
TNS   : 0.000

Type  : Fast 1100mV 0C Model Removal 'inst37|pll_sdram_inst|altera_pll_i|general[2].gpll~PLL_OUTPUT_COUNTER|divclk'
Slack : 0.606
TNS   : 0.000

Type  : Fast 1100mV 0C Model Removal 'inst34|pll_vga_inst|altera_pll_i|general[1].gpll~PLL_OUTPUT_COUNTER|divclk'
Slack : 1.857
TNS   : 0.000

Type  : Fast 1100mV 0C Model Minimum Pulse Width 'inst34|pll_vga_inst|altera_pll_i|general[0].gpll~FRACTIONAL_PLL|vcoph[0]'
Slack : 0.357
TNS   : 0.000

Type  : Fast 1100mV 0C Model Minimum Pulse Width 'inst37|pll_sdram_inst|altera_pll_i|general[0].gpll~FRACTIONAL_PLL|vcoph[0]'
Slack : 0.699
TNS   : 0.000

Type  : Fast 1100mV 0C Model Minimum Pulse Width 'inst127|pll_mtl_inst|altera_pll_i|general[0].gpll~FRACTIONAL_PLL|vcoph[0]'
Slack : 0.757
TNS   : 0.000

Type  : Fast 1100mV 0C Model Minimum Pulse Width 'ghrd_top:inst124|soc_system:u0|soc_system_hps_0:hps_0|soc_system_hps_0_hps_io:hps_io|soc_system_hps_0_hps_io_border:border|hps_sdram:hps_sdram_inst|hps_sdram_pll:pll|pll_write_clk_dq_write_clk'
Slack : 0.887
TNS   : 0.000

Type  : Fast 1100mV 0C Model Minimum Pulse Width 'ghrd_top:inst124|soc_system:u0|soc_system_hps_0:hps_0|soc_system_hps_0_hps_io:hps_io|soc_system_hps_0_hps_io_border:border|hps_sdram:hps_sdram_inst|hps_sdram_pll:pll|afi_clk_write_clk'
Slack : 0.894
TNS   : 0.000

Type  : Fast 1100mV 0C Model Minimum Pulse Width 'inst37|pll_sdram_inst|altera_pll_i|general[0].gpll~PLL_OUTPUT_COUNTER|divclk'
Slack : 2.387
TNS   : 0.000

Type  : Fast 1100mV 0C Model Minimum Pulse Width 'inst37|pll_sdram_inst|altera_pll_i|general[1].gpll~PLL_OUTPUT_COUNTER|divclk'
Slack : 3.401
TNS   : 0.000

Type  : Fast 1100mV 0C Model Minimum Pulse Width 'inst37|pll_sdram_inst|altera_pll_i|general[2].gpll~PLL_OUTPUT_COUNTER|divclk'
Slack : 3.777
TNS   : 0.000

Type  : Fast 1100mV 0C Model Minimum Pulse Width 'inst34|pll_vga_inst|altera_pll_i|general[3].gpll~PLL_OUTPUT_COUNTER|divclk'
Slack : 7.811
TNS   : 0.000

Type  : Fast 1100mV 0C Model Minimum Pulse Width 'clock_50_1'
Slack : 9.069
TNS   : 0.000

Type  : Fast 1100mV 0C Model Minimum Pulse Width 'inst34|pll_vga_inst|altera_pll_i|general[1].gpll~PLL_OUTPUT_COUNTER|divclk'
Slack : 9.539
TNS   : 0.000

Type  : Fast 1100mV 0C Model Minimum Pulse Width 'inst127|pll_mtl_inst|altera_pll_i|general[0].gpll~PLL_OUTPUT_COUNTER|divclk'
Slack : 14.042
TNS   : 0.000

Type  : Fast 1100mV 0C Model Minimum Pulse Width 'clock_27_1'
Slack : 16.935
TNS   : 0.000

Type  : Fast 1100mV 0C Model Minimum Pulse Width 'altera_reserved_tck'
Slack : 18.207
TNS   : 0.000

------------------------------------------------------------
